Calculating task graph as no cached configuration is available for tasks: :composeApp:compileDebugKotlinAndroid :shared:compileKotlinMetadata
Type-safe project accessors is an incubating feature.

> Configure project :composeApp
WARNING: The option setting 'android.builtInKotlin=false' is deprecated.
The current default is 'true'.
It will be removed in version 10.0 of the Android Gradle plugin.
WARNING: The option setting 'android.newDsl=false' is deprecated.
The current default is 'true'.
It will be removed in version 10.0 of the Android Gradle plugin.
WARNING: API 'applicationVariants' is obsolete and has been replaced with 'AndroidComponentsExtension'.
It will be removed in version 10.0 of the Android Gradle plugin.
The legacy variant API is disabled by default in AGP 9.0, but can be re-enabled by adding 
    android.newDsl=false
to this project's gradle.properties file.
For more information, see http://developer.android.com/build/r/new-dsl.

To determine what is calling applicationVariants, use -Pandroid.debug.obsoleteApi=true on the command line to display more information.
WARNING: API 'testVariants' is obsolete and has been replaced with 'AndroidComponentsExtension'.
It will be removed in version 10.0 of the Android Gradle plugin.
The legacy variant API is disabled by default in AGP 9.0, but can be re-enabled by adding 
    android.newDsl=false
to this project's gradle.properties file.
For more information, see http://developer.android.com/build/r/new-dsl.

To determine what is calling testVariants, use -Pandroid.debug.obsoleteApi=true on the command line to display more information.
WARNING: API 'unitTestVariants' is obsolete and has been replaced with 'AndroidComponentsExtension'.
It will be removed in version 10.0 of the Android Gradle plugin.
The legacy variant API is disabled by default in AGP 9.0, but can be re-enabled by adding 
    android.newDsl=false
to this project's gradle.properties file.
For more information, see http://developer.android.com/build/r/new-dsl.

To determine what is calling unitTestVariants, use -Pandroid.debug.obsoleteApi=true on the command line to display more information.
w: ⚠️ The 'org.jetbrains.kotlin.multiplatform' plugin deprecated compatibility with Android Gradle plugin: 'com.android.application'
The 'org.jetbrains.kotlin.multiplatform' plugin is not compatible with 'com.android.application' starting with Android Gradle Plugin 9.0.0.

Please change the structure of the your project and move the usage of 'com.android.application' into a separate subproject. The new subproject should add a dependency on this KMP subproject.

Read more: https://kotl.in/kmp-project-structure-migration
Solution: Please change the structure of your project and move the usage of 'com.android.application' into a separate subproject.
See https://kotl.in/gradle/agp-new-kmp for more details.

w: ⚠️ Native task 'iosX64Test' is disabled
Task 'iosX64Test' for target 'ios_x64' cannot run on the current host (macos-aarch64).
Reason: architecture mismatch - target requires X64, current host is ARM64
Solution: To suppress this warning, add 'kotlin.native.ignoreDisabledTargets=true' to gradle.properties.

w: ⚠️ Deprecated 'Android Style' Source Directory
Usage of 'Android Style' source directory composeApp/src/androidTest/kotlin is deprecated.
Use composeApp/src/androidInstrumentedTest/kotlin instead.

To suppress this warning: put the following in your gradle.properties:
kotlin.mpp.androidSourceSetLayoutV2AndroidStyleDirs.nowarn=true
Solution: Please migrate to the new source directory: composeApp/src/androidInstrumentedTest/kotlin
Learn more: https://kotl.in/android-source-set-layout-v2

Configuration 'kotlinCompilerPluginClasspathAndroidMain' was resolved during configuration time.
This is a build performance and scalability issue.
See https://github.com/gradle/gradle/issues/2298
Run with --info for a stacktrace.
Configuration 'kotlinBuildToolsApiClasspath' was resolved during configuration time.
This is a build performance and scalability issue.
See https://github.com/gradle/gradle/issues/2298
Run with --info for a stacktrace.
Configuration 'androidCompileClasspath' was resolved during configuration time.
This is a build performance and scalability issue.
See https://github.com/gradle/gradle/issues/2298
Run with --info for a stacktrace.
Configuration 'kotlinCompilerPluginClasspathAndroidMain' was resolved during configuration time.
This is a build performance and scalability issue.
See https://github.com/gradle/gradle/issues/2298
Run with --info for a stacktrace.
Configuration 'kotlinBuildToolsApiClasspath' was resolved during configuration time.
This is a build performance and scalability issue.
See https://github.com/gradle/gradle/issues/2298
Run with --info for a stacktrace.
Configuration 'androidCompileClasspath' was resolved during configuration time.
This is a build performance and scalability issue.
See https://github.com/gradle/gradle/issues/2298
Run with --info for a stacktrace.
Configuration 'kotlinCompilerPluginClasspathMetadataMain' was resolved during configuration time.
This is a build performance and scalability issue.
See https://github.com/gradle/gradle/issues/2298
Run with --info for a stacktrace.
Configuration 'kotlinCompilerClasspath' was resolved during configuration time.
This is a build performance and scalability issue.
See https://github.com/gradle/gradle/issues/2298
Run with --info for a stacktrace.
e: ❌ KMP Dependencies Resolution Failure
Source set 'appleMain' couldn't resolve dependencies for all target platforms
Couldn't resolve dependency 'org.jetbrains.compose.runtime:runtime:1.11.1' in 'appleMain' for all target platforms.
The dependency should target platforms: [iosArm64, iosSimulatorArm64, iosX64]
Unresolved platforms: [iosX64]


Couldn't resolve dependency 'org.jetbrains.compose.foundation:foundation:1.11.1' in 'appleMain' for all target platforms.
The dependency should target platforms: [iosArm64, iosSimulatorArm64, iosX64]
Unresolved platforms: [iosX64]


Couldn't resolve dependency 'org.jetbrains.compose.ui:ui:1.11.1' in 'appleMain' for all target platforms.
The dependency should target platforms: [iosArm64, iosSimulatorArm64, iosX64]
Unresolved platforms: [iosX64]


Couldn't resolve dependency 'org.jetbrains.compose.components:components-resources:1.11.1' in 'appleMain' for all target platforms.
The dependency should target platforms: [iosArm64, iosSimulatorArm64, iosX64]
Unresolved platforms: [iosX64]


Couldn't resolve dependency 'org.jetbrains.compose.components:components-ui-tooling-preview:1.11.1' in 'appleMain' for all target platforms.
The dependency should target platforms: [iosArm64, iosSimulatorArm64, iosX64]
Unresolved platforms: [iosX64]


Couldn't resolve dependency 'io.coil-kt.coil3:coil-compose:3.5.0' in 'appleMain' for all target platforms.
The dependency should target platforms: [iosArm64, iosSimulatorArm64, iosX64]
Unresolved platforms: [iosX64]


Couldn't resolve dependency 'io.coil-kt.coil3:coil-network-ktor3:3.5.0' in 'appleMain' for all target platforms.
The dependency should target platforms: [iosArm64, iosSimulatorArm64, iosX64]
Unresolved platforms: [iosX64]


Couldn't resolve dependency 'org.jetbrains.androidx.navigation3:navigation3-ui:1.1.1' in 'appleMain' for all target platforms.
The dependency should target platforms: [iosArm64, iosSimulatorArm64, iosX64]
Unresolved platforms: [iosX64]


Couldn't resolve dependency 'org.jetbrains.androidx.lifecycle:lifecycle-viewmodel-navigation3:2.11.0' in 'appleMain' for all target platforms.
The dependency should target platforms: [iosArm64, iosSimulatorArm64, iosX64]
Unresolved platforms: [iosX64]


Couldn't resolve dependency 'org.jetbrains.compose.material3.adaptive:adaptive-navigation3:1.3.0-beta02' in 'appleMain' for all target platforms.
The dependency should target platforms: [iosArm64, iosSimulatorArm64, iosX64]
Unresolved platforms: [iosX64]


Run the build with '--info' for more details.
Solution: Make sure you are using a dependency that targets all required platforms or move your dependency and relevant code to a more applicable source set: https://kotl.in/57b2-source-set-dependencies

e: ❌ KMP Dependencies Resolution Failure
Source set 'commonMain' couldn't resolve dependencies for all target platforms
Couldn't resolve dependency 'org.jetbrains.compose.runtime:runtime:1.11.1' in 'commonMain' for all target platforms.
The dependency should target platforms: [android, android, iosArm64, iosSimulatorArm64, iosX64]
Unresolved platforms: [iosX64]


Couldn't resolve dependency 'org.jetbrains.compose.foundation:foundation:1.11.1' in 'commonMain' for all target platforms.
The dependency should target platforms: [android, android, iosArm64, iosSimulatorArm64, iosX64]
Unresolved platforms: [iosX64]


Couldn't resolve dependency 'org.jetbrains.compose.ui:ui:1.11.1' in 'commonMain' for all target platforms.
The dependency should target platforms: [android, android, iosArm64, iosSimulatorArm64, iosX64]
Unresolved platforms: [iosX64]


Couldn't resolve dependency 'org.jetbrains.compose.components:components-resources:1.11.1' in 'commonMain' for all target platforms.
The dependency should target platforms: [android, android, iosArm64, iosSimulatorArm64, iosX64]
Unresolved platforms: [iosX64]


Couldn't resolve dependency 'org.jetbrains.compose.components:components-ui-tooling-preview:1.11.1' in 'commonMain' for all target platforms.
The dependency should target platforms: [android, android, iosArm64, iosSimulatorArm64, iosX64]
Unresolved platforms: [iosX64]


Couldn't resolve dependency 'io.coil-kt.coil3:coil-compose:3.5.0' in 'commonMain' for all target platforms.
The dependency should target platforms: [android, android, iosArm64, iosSimulatorArm64, iosX64]
Unresolved platforms: [iosX64]


Couldn't resolve dependency 'io.coil-kt.coil3:coil-network-ktor3:3.5.0' in 'commonMain' for all target platforms.
The dependency should target platforms: [android, android, iosArm64, iosSimulatorArm64, iosX64]
Unresolved platforms: [iosX64]


Couldn't resolve dependency 'org.jetbrains.androidx.navigation3:navigation3-ui:1.1.1' in 'commonMain' for all target platforms.
The dependency should target platforms: [android, android, iosArm64, iosSimulatorArm64, iosX64]
Unresolved platforms: [iosX64]


Couldn't resolve dependency 'org.jetbrains.androidx.lifecycle:lifecycle-viewmodel-navigation3:2.11.0' in 'commonMain' for all target platforms.
The dependency should target platforms: [android, android, iosArm64, iosSimulatorArm64, iosX64]
Unresolved platforms: [iosX64]


Couldn't resolve dependency 'org.jetbrains.compose.material3.adaptive:adaptive-navigation3:1.3.0-beta02' in 'commonMain' for all target platforms.
The dependency should target platforms: [android, android, iosArm64, iosSimulatorArm64, iosX64]
Unresolved platforms: [iosX64]


Run the build with '--info' for more details.
Solution: Make sure you are using a dependency that targets all required platforms or move your dependency and relevant code to a more applicable source set: https://kotl.in/57b2-source-set-dependencies

e: ❌ KMP Dependencies Resolution Failure
Source set 'iosMain' couldn't resolve dependencies for all target platforms
Couldn't resolve dependency 'org.jetbrains.compose.runtime:runtime:1.11.1' in 'iosMain' for all target platforms.
The dependency should target platforms: [iosArm64, iosSimulatorArm64, iosX64]
Unresolved platforms: [iosX64]


Couldn't resolve dependency 'org.jetbrains.compose.foundation:foundation:1.11.1' in 'iosMain' for all target platforms.
The dependency should target platforms: [iosArm64, iosSimulatorArm64, iosX64]
Unresolved platforms: [iosX64]


Couldn't resolve dependency 'org.jetbrains.compose.ui:ui:1.11.1' in 'iosMain' for all target platforms.
The dependency should target platforms: [iosArm64, iosSimulatorArm64, iosX64]
Unresolved platforms: [iosX64]


Couldn't resolve dependency 'org.jetbrains.compose.components:components-resources:1.11.1' in 'iosMain' for all target platforms.
The dependency should target platforms: [iosArm64, iosSimulatorArm64, iosX64]
Unresolved platforms: [iosX64]


Couldn't resolve dependency 'org.jetbrains.compose.components:components-ui-tooling-preview:1.11.1' in 'iosMain' for all target platforms.
The dependency should target platforms: [iosArm64, iosSimulatorArm64, iosX64]
Unresolved platforms: [iosX64]


Couldn't resolve dependency 'io.coil-kt.coil3:coil-compose:3.5.0' in 'iosMain' for all target platforms.
The dependency should target platforms: [iosArm64, iosSimulatorArm64, iosX64]
Unresolved platforms: [iosX64]


Couldn't resolve dependency 'io.coil-kt.coil3:coil-network-ktor3:3.5.0' in 'iosMain' for all target platforms.
The dependency should target platforms: [iosArm64, iosSimulatorArm64, iosX64]
Unresolved platforms: [iosX64]


Couldn't resolve dependency 'org.jetbrains.androidx.navigation3:navigation3-ui:1.1.1' in 'iosMain' for all target platforms.
The dependency should target platforms: [iosArm64, iosSimulatorArm64, iosX64]
Unresolved platforms: [iosX64]


Couldn't resolve dependency 'org.jetbrains.androidx.lifecycle:lifecycle-viewmodel-navigation3:2.11.0' in 'iosMain' for all target platforms.
The dependency should target platforms: [iosArm64, iosSimulatorArm64, iosX64]
Unresolved platforms: [iosX64]


Couldn't resolve dependency 'org.jetbrains.compose.material3.adaptive:adaptive-navigation3:1.3.0-beta02' in 'iosMain' for all target platforms.
The dependency should target platforms: [iosArm64, iosSimulatorArm64, iosX64]
Unresolved platforms: [iosX64]


Run the build with '--info' for more details.
Solution: Make sure you are using a dependency that targets all required platforms or move your dependency and relevant code to a more applicable source set: https://kotl.in/57b2-source-set-dependencies

e: ❌ KMP Dependencies Resolution Failure
Source set 'nativeMain' couldn't resolve dependencies for all target platforms
Couldn't resolve dependency 'org.jetbrains.compose.runtime:runtime:1.11.1' in 'nativeMain' for all target platforms.
The dependency should target platforms: [iosArm64, iosSimulatorArm64, iosX64]
Unresolved platforms: [iosX64]


Couldn't resolve dependency 'org.jetbrains.compose.foundation:foundation:1.11.1' in 'nativeMain' for all target platforms.
The dependency should target platforms: [iosArm64, iosSimulatorArm64, iosX64]
Unresolved platforms: [iosX64]


Couldn't resolve dependency 'org.jetbrains.compose.ui:ui:1.11.1' in 'nativeMain' for all target platforms.
The dependency should target platforms: [iosArm64, iosSimulatorArm64, iosX64]
Unresolved platforms: [iosX64]


Couldn't resolve dependency 'org.jetbrains.compose.components:components-resources:1.11.1' in 'nativeMain' for all target platforms.
The dependency should target platforms: [iosArm64, iosSimulatorArm64, iosX64]
Unresolved platforms: [iosX64]


Couldn't resolve dependency 'org.jetbrains.compose.components:components-ui-tooling-preview:1.11.1' in 'nativeMain' for all target platforms.
The dependency should target platforms: [iosArm64, iosSimulatorArm64, iosX64]
Unresolved platforms: [iosX64]


Couldn't resolve dependency 'io.coil-kt.coil3:coil-compose:3.5.0' in 'nativeMain' for all target platforms.
The dependency should target platforms: [iosArm64, iosSimulatorArm64, iosX64]
Unresolved platforms: [iosX64]


Couldn't resolve dependency 'io.coil-kt.coil3:coil-network-ktor3:3.5.0' in 'nativeMain' for all target platforms.
The dependency should target platforms: [iosArm64, iosSimulatorArm64, iosX64]
Unresolved platforms: [iosX64]


Couldn't resolve dependency 'org.jetbrains.androidx.navigation3:navigation3-ui:1.1.1' in 'nativeMain' for all target platforms.
The dependency should target platforms: [iosArm64, iosSimulatorArm64, iosX64]
Unresolved platforms: [iosX64]


Couldn't resolve dependency 'org.jetbrains.androidx.lifecycle:lifecycle-viewmodel-navigation3:2.11.0' in 'nativeMain' for all target platforms.
The dependency should target platforms: [iosArm64, iosSimulatorArm64, iosX64]
Unresolved platforms: [iosX64]


Couldn't resolve dependency 'org.jetbrains.compose.material3.adaptive:adaptive-navigation3:1.3.0-beta02' in 'nativeMain' for all target platforms.
The dependency should target platforms: [iosArm64, iosSimulatorArm64, iosX64]
Unresolved platforms: [iosX64]


Run the build with '--info' for more details.
Solution: Make sure you are using a dependency that targets all required platforms or move your dependency and relevant code to a more applicable source set: https://kotl.in/57b2-source-set-dependencies


> Task :data:assets:androidPreBuild UP-TO-DATE
> Task :data:localdb:androidPreBuild UP-TO-DATE
> Task :core:models:androidPreBuild UP-TO-DATE
> Task :data:common:androidPreBuild UP-TO-DATE
> Task :core:common:androidPreBuild UP-TO-DATE
> Task :shared:androidPreBuild UP-TO-DATE
> Task :data:network:androidPreBuild UP-TO-DATE
> Task :di:androidPreBuild UP-TO-DATE
> Task :composeApp:preBuild UP-TO-DATE
> Task :data:localdb:preAndroidMainBuild UP-TO-DATE
> Task :core:models:preAndroidMainBuild UP-TO-DATE
> Task :composeApp:copyNonXmlValueResourcesForCommonMain NO-SOURCE
> Task :composeApp:convertXmlValueResourcesForAndroidDebug NO-SOURCE
> Task :composeApp:generateComposeResClass UP-TO-DATE
> Task :core:common:preAndroidMainBuild UP-TO-DATE
> Task :composeApp:kmpPartiallyResolvedDependenciesChecker
> Task :data:localdb:generateAndroidMainEmptyResourceFiles UP-TO-DATE
> Task :composeApp:copyNonXmlValueResourcesForAndroidDebug NO-SOURCE
> Task :core:common:generateAndroidMainEmptyResourceFiles UP-TO-DATE
> Task :di:preAndroidMainBuild UP-TO-DATE
> Task :data:repository:androidPreBuild UP-TO-DATE
> Task :data:assets:preAndroidMainBuild UP-TO-DATE
> Task :composeApp:copyNonXmlValueResourcesForAndroidMain UP-TO-DATE
> Task :shared:preAndroidMainBuild UP-TO-DATE
> Task :composeApp:preDebugBuild UP-TO-DATE
> Task :composeApp:convertXmlValueResourcesForCommonMain NO-SOURCE
> Task :composeApp:prepareComposeResourcesTaskForAndroidDebug NO-SOURCE
> Task :core:models:generateAndroidMainEmptyResourceFiles UP-TO-DATE
> Task :data:network:preAndroidMainBuild UP-TO-DATE
> Task :data:common:preAndroidMainBuild UP-TO-DATE
> Task :data:repository:preAndroidMainBuild UP-TO-DATE
> Task :data:assets:generateAndroidMainEmptyResourceFiles UP-TO-DATE
> Task :data:network:generateAndroidMainEmptyResourceFiles UP-TO-DATE
> Task :composeApp:generateExpectResourceCollectorsForCommonMain UP-TO-DATE
> Task :data:repository:generateAndroidMainEmptyResourceFiles UP-TO-DATE
> Task :composeApp:generateResourceAccessorsForAndroidDebug NO-SOURCE
> Task :data:common:generateAndroidMainEmptyResourceFiles UP-TO-DATE
> Task :di:generateAndroidMainEmptyResourceFiles UP-TO-DATE
> Task :di:kmpPartiallyResolvedDependenciesChecker
> Task :core:common:kmpPartiallyResolvedDependenciesChecker
> Task :shared:generateAndroidMainEmptyResourceFiles UP-TO-DATE
> Task :core:models:kmpPartiallyResolvedDependenciesChecker
> Task :core:models:checkKotlinGradlePluginConfigurationErrors SKIPPED
> Task :composeApp:convertXmlValueResourcesForAndroidMain NO-SOURCE
> Task :data:localdb:kmpPartiallyResolvedDependenciesChecker
> Task :data:assets:syncAssetsToIos UP-TO-DATE
> Task :data:common:kmpPartiallyResolvedDependenciesChecker
> Task :di:checkKotlinGradlePluginConfigurationErrors SKIPPED
> Task :composeApp:prepareComposeResourcesTaskForCommonMain NO-SOURCE
> Task :data:localdb:generateCommonMainAppLocalDbInterface UP-TO-DATE
> Task :core:common:checkKotlinGradlePluginConfigurationErrors SKIPPED
> Task :data:localdb:checkKotlinGradlePluginConfigurationErrors SKIPPED
> Task :data:repository:kmpPartiallyResolvedDependenciesChecker
> Task :shared:kmpPartiallyResolvedDependenciesChecker
> Task :data:network:generateBuildConfigClasses UP-TO-DATE
> Task :data:network:generateAndroidMainBuildConfigClasses SKIPPED
> Task :data:common:checkKotlinGradlePluginConfigurationErrors SKIPPED
> Task :composeApp:generateDebugResources UP-TO-DATE
> Task :composeApp:generateResourceAccessorsForCommonMain NO-SOURCE
> Task :shared:checkKotlinGradlePluginConfigurationErrors SKIPPED
> Task :data:repository:checkKotlinGradlePluginConfigurationErrors SKIPPED
> Task :data:assets:kmpPartiallyResolvedDependenciesChecker
> Task :shared:compileKotlinMetadata SKIPPED
> Task :composeApp:prepareComposeResourcesTaskForAndroidMain UP-TO-DATE
> Task :data:assets:checkKotlinGradlePluginConfigurationErrors SKIPPED
> Task :data:network:kmpPartiallyResolvedDependenciesChecker
> Task :data:network:checkKotlinGradlePluginConfigurationErrors SKIPPED

> Task :composeApp:checkKotlinGradlePluginConfigurationErrors
e: ❌ KMP Dependencies Resolution Failure
Source set 'appleMain' couldn't resolve dependencies for all target platforms
Couldn't resolve dependency 'org.jetbrains.compose.runtime:runtime:1.11.1' in 'appleMain' for all target platforms.
The dependency should target platforms: [iosArm64, iosSimulatorArm64, iosX64]
Unresolved platforms: [iosX64]


Couldn't resolve dependency 'org.jetbrains.compose.foundation:foundation:1.11.1' in 'appleMain' for all target platforms.
The dependency should target platforms: [iosArm64, iosSimulatorArm64, iosX64]
Unresolved platforms: [iosX64]


Couldn't resolve dependency 'org.jetbrains.compose.ui:ui:1.11.1' in 'appleMain' for all target platforms.
The dependency should target platforms: [iosArm64, iosSimulatorArm64, iosX64]
Unresolved platforms: [iosX64]


Couldn't resolve dependency 'org.jetbrains.compose.components:components-resources:1.11.1' in 'appleMain' for all target platforms.
The dependency should target platforms: [iosArm64, iosSimulatorArm64, iosX64]
Unresolved platforms: [iosX64]


Couldn't resolve dependency 'org.jetbrains.compose.components:components-ui-tooling-preview:1.11.1' in 'appleMain' for all target platforms.
The dependency should target platforms: [iosArm64, iosSimulatorArm64, iosX64]
Unresolved platforms: [iosX64]


Couldn't resolve dependency 'io.coil-kt.coil3:coil-compose:3.5.0' in 'appleMain' for all target platforms.
The dependency should target platforms: [iosArm64, iosSimulatorArm64, iosX64]
Unresolved platforms: [iosX64]


Couldn't resolve dependency 'io.coil-kt.coil3:coil-network-ktor3:3.5.0' in 'appleMain' for all target platforms.
The dependency should target platforms: [iosArm64, iosSimulatorArm64, iosX64]
Unresolved platforms: [iosX64]


Couldn't resolve dependency 'org.jetbrains.androidx.navigation3:navigation3-ui:1.1.1' in 'appleMain' for all target platforms.
The dependency should target platforms: [iosArm64, iosSimulatorArm64, iosX64]
Unresolved platforms: [iosX64]


Couldn't resolve dependency 'org.jetbrains.androidx.lifecycle:lifecycle-viewmodel-navigation3:2.11.0' in 'appleMain' for all target platforms.
The dependency should target platforms: [iosArm64, iosSimulatorArm64, iosX64]
Unresolved platforms: [iosX64]


Couldn't resolve dependency 'org.jetbrains.compose.material3.adaptive:adaptive-navigation3:1.3.0-beta02' in 'appleMain' for all target platforms.
The dependency should target platforms: [iosArm64, iosSimulatorArm64, iosX64]
Unresolved platforms: [iosX64]


Run the build with '--info' for more details.
Solution: Make sure you are using a dependency that targets all required platforms or move your dependency and relevant code to a more applicable source set: https://kotl.in/57b2-source-set-dependencies

e: ❌ KMP Dependencies Resolution Failure
Source set 'commonMain' couldn't resolve dependencies for all target platforms
Couldn't resolve dependency 'org.jetbrains.compose.runtime:runtime:1.11.1' in 'commonMain' for all target platforms.
The dependency should target platforms: [android, android, iosArm64, iosSimulatorArm64, iosX64]
Unresolved platforms: [iosX64]


Couldn't resolve dependency 'org.jetbrains.compose.foundation:foundation:1.11.1' in 'commonMain' for all target platforms.
The dependency should target platforms: [android, android, iosArm64, iosSimulatorArm64, iosX64]
Unresolved platforms: [iosX64]


Couldn't resolve dependency 'org.jetbrains.compose.ui:ui:1.11.1' in 'commonMain' for all target platforms.
The dependency should target platforms: [android, android, iosArm64, iosSimulatorArm64, iosX64]
Unresolved platforms: [iosX64]


Couldn't resolve dependency 'org.jetbrains.compose.components:components-resources:1.11.1' in 'commonMain' for all target platforms.
The dependency should target platforms: [android, android, iosArm64, iosSimulatorArm64, iosX64]
Unresolved platforms: [iosX64]


Couldn't resolve dependency 'org.jetbrains.compose.components:components-ui-tooling-preview:1.11.1' in 'commonMain' for all target platforms.
The dependency should target platforms: [android, android, iosArm64, iosSimulatorArm64, iosX64]
Unresolved platforms: [iosX64]


Couldn't resolve dependency 'io.coil-kt.coil3:coil-compose:3.5.0' in 'commonMain' for all target platforms.
The dependency should target platforms: [android, android, iosArm64, iosSimulatorArm64, iosX64]
Unresolved platforms: [iosX64]


Couldn't resolve dependency 'io.coil-kt.coil3:coil-network-ktor3:3.5.0' in 'commonMain' for all target platforms.
The dependency should target platforms: [android, android, iosArm64, iosSimulatorArm64, iosX64]
Unresolved platforms: [iosX64]


Couldn't resolve dependency 'org.jetbrains.androidx.navigation3:navigation3-ui:1.1.1' in 'commonMain' for all target platforms.
The dependency should target platforms: [android, android, iosArm64, iosSimulatorArm64, iosX64]
Unresolved platforms: [iosX64]


Couldn't resolve dependency 'org.jetbrains.androidx.lifecycle:lifecycle-viewmodel-navigation3:2.11.0' in 'commonMain' for all target platforms.
The dependency should target platforms: [android, android, iosArm64, iosSimulatorArm64, iosX64]
Unresolved platforms: [iosX64]


Couldn't resolve dependency 'org.jetbrains.compose.material3.adaptive:adaptive-navigation3:1.3.0-beta02' in 'commonMain' for all target platforms.
The dependency should target platforms: [android, android, iosArm64, iosSimulatorArm64, iosX64]
Unresolved platforms: [iosX64]


Run the build with '--info' for more details.
Solution: Make sure you are using a dependency that targets all required platforms or move your dependency and relevant code to a more applicable source set: https://kotl.in/57b2-source-set-dependencies

e: ❌ KMP Dependencies Resolution Failure
Source set 'iosMain' couldn't resolve dependencies for all target platforms
Couldn't resolve dependency 'org.jetbrains.compose.runtime:runtime:1.11.1' in 'iosMain' for all target platforms.
The dependency should target platforms: [iosArm64, iosSimulatorArm64, iosX64]
Unresolved platforms: [iosX64]


Couldn't resolve dependency 'org.jetbrains.compose.foundation:foundation:1.11.1' in 'iosMain' for all target platforms.
The dependency should target platforms: [iosArm64, iosSimulatorArm64, iosX64]
Unresolved platforms: [iosX64]


Couldn't resolve dependency 'org.jetbrains.compose.ui:ui:1.11.1' in 'iosMain' for all target platforms.
The dependency should target platforms: [iosArm64, iosSimulatorArm64, iosX64]
Unresolved platforms: [iosX64]


Couldn't resolve dependency 'org.jetbrains.compose.components:components-resources:1.11.1' in 'iosMain' for all target platforms.
The dependency should target platforms: [iosArm64, iosSimulatorArm64, iosX64]
Unresolved platforms: [iosX64]


Couldn't resolve dependency 'org.jetbrains.compose.components:components-ui-tooling-preview:1.11.1' in 'iosMain' for all target platforms.
The dependency should target platforms: [iosArm64, iosSimulatorArm64, iosX64]
Unresolved platforms: [iosX64]


Couldn't resolve dependency 'io.coil-kt.coil3:coil-compose:3.5.0' in 'iosMain' for all target platforms.
The dependency should target platforms: [iosArm64, iosSimulatorArm64, iosX64]
Unresolved platforms: [iosX64]


Couldn't resolve dependency 'io.coil-kt.coil3:coil-network-ktor3:3.5.0' in 'iosMain' for all target platforms.
The dependency should target platforms: [iosArm64, iosSimulatorArm64, iosX64]
Unresolved platforms: [iosX64]


Couldn't resolve dependency 'org.jetbrains.androidx.navigation3:navigation3-ui:1.1.1' in 'iosMain' for all target platforms.
The dependency should target platforms: [iosArm64, iosSimulatorArm64, iosX64]
Unresolved platforms: [iosX64]


Couldn't resolve dependency 'org.jetbrains.androidx.lifecycle:lifecycle-viewmodel-navigation3:2.11.0' in 'iosMain' for all target platforms.
The dependency should target platforms: [iosArm64, iosSimulatorArm64, iosX64]
Unresolved platforms: [iosX64]


Couldn't resolve dependency 'org.jetbrains.compose.material3.adaptive:adaptive-navigation3:1.3.0-beta02' in 'iosMain' for all target platforms.
The dependency should target platforms: [iosArm64, iosSimulatorArm64, iosX64]
Unresolved platforms: [iosX64]


Run the build with '--info' for more details.
Solution: Make sure you are using a dependency that targets all required platforms or move your dependency and relevant code to a more applicable source set: https://kotl.in/57b2-source-set-dependencies

e: ❌ KMP Dependencies Resolution Failure
Source set 'nativeMain' couldn't resolve dependencies for all target platforms
Couldn't resolve dependency 'org.jetbrains.compose.runtime:runtime:1.11.1' in 'nativeMain' for all target platforms.
The dependency should target platforms: [iosArm64, iosSimulatorArm64, iosX64]
Unresolved platforms: [iosX64]


Couldn't resolve dependency 'org.jetbrains.compose.foundation:foundation:1.11.1' in 'nativeMain' for all target platforms.
The dependency should target platforms: [iosArm64, iosSimulatorArm64, iosX64]
Unresolved platforms: [iosX64]


Couldn't resolve dependency 'org.jetbrains.compose.ui:ui:1.11.1' in 'nativeMain' for all target platforms.
The dependency should target platforms: [iosArm64, iosSimulatorArm64, iosX64]
Unresolved platforms: [iosX64]


Couldn't resolve dependency 'org.jetbrains.compose.components:components-resources:1.11.1' in 'nativeMain' for all target platforms.
The dependency should target platforms: [iosArm64, iosSimulatorArm64, iosX64]
Unresolved platforms: [iosX64]


Couldn't resolve dependency 'org.jetbrains.compose.components:components-ui-tooling-preview:1.11.1' in 'nativeMain' for all target platforms.
The dependency should target platforms: [iosArm64, iosSimulatorArm64, iosX64]
Unresolved platforms: [iosX64]


Couldn't resolve dependency 'io.coil-kt.coil3:coil-compose:3.5.0' in 'nativeMain' for all target platforms.
The dependency should target platforms: [iosArm64, iosSimulatorArm64, iosX64]
Unresolved platforms: [iosX64]


Couldn't resolve dependency 'io.coil-kt.coil3:coil-network-ktor3:3.5.0' in 'nativeMain' for all target platforms.
The dependency should target platforms: [iosArm64, iosSimulatorArm64, iosX64]
Unresolved platforms: [iosX64]


Couldn't resolve dependency 'org.jetbrains.androidx.navigation3:navigation3-ui:1.1.1' in 'nativeMain' for all target platforms.
The dependency should target platforms: [iosArm64, iosSimulatorArm64, iosX64]
Unresolved platforms: [iosX64]


Couldn't resolve dependency 'org.jetbrains.androidx.lifecycle:lifecycle-viewmodel-navigation3:2.11.0' in 'nativeMain' for all target platforms.
The dependency should target platforms: [iosArm64, iosSimulatorArm64, iosX64]
Unresolved platforms: [iosX64]


Couldn't resolve dependency 'org.jetbrains.compose.material3.adaptive:adaptive-navigation3:1.3.0-beta02' in 'nativeMain' for all target platforms.
The dependency should target platforms: [iosArm64, iosSimulatorArm64, iosX64]
Unresolved platforms: [iosX64]


Run the build with '--info' for more details.
Solution: Make sure you are using a dependency that targets all required platforms or move your dependency and relevant code to a more applicable source set: https://kotl.in/57b2-source-set-dependencies


> Task :composeApp:generateResourceAccessorsForAndroidMain UP-TO-DATE
> Task :composeApp:copyDebugComposeResourcesToAndroidAssets UP-TO-DATE
> Task :composeApp:generateActualResourceCollectorsForAndroidMain UP-TO-DATE
> Task :composeApp:packageDebugResources UP-TO-DATE
> Task :core:models:compileAndroidMain UP-TO-DATE
> Task :core:common:compileAndroidMain UP-TO-DATE
> Task :core:models:bundleAndroidMainClassesToCompileJar UP-TO-DATE
> Task :core:common:bundleAndroidMainClassesToCompileJar UP-TO-DATE
> Task :data:common:compileAndroidMain UP-TO-DATE
> Task :data:common:bundleAndroidMainClassesToCompileJar UP-TO-DATE
> Task :composeApp:processDebugNavigationResources UP-TO-DATE
> Task :composeApp:parseDebugLocalResources UP-TO-DATE
> Task :composeApp:generateDebugRFile UP-TO-DATE
> Task :data:assets:compileAndroidMain UP-TO-DATE
> Task :data:assets:bundleAndroidMainClassesToCompileJar UP-TO-DATE
> Task :data:network:compileAndroidMain UP-TO-DATE
> Task :data:network:bundleAndroidMainClassesToCompileJar UP-TO-DATE
> Task :data:localdb:compileAndroidMain UP-TO-DATE
> Task :data:localdb:bundleAndroidMainClassesToCompileJar UP-TO-DATE
> Task :data:repository:compileAndroidMain UP-TO-DATE
> Task :data:repository:bundleAndroidMainClassesToCompileJar UP-TO-DATE
> Task :di:compileAndroidMain UP-TO-DATE
> Task :di:bundleAndroidMainClassesToCompileJar UP-TO-DATE
> Task :shared:compileAndroidMain UP-TO-DATE
> Task :shared:bundleAndroidMainClassesToCompileJar UP-TO-DATE
> Task :composeApp:compileDebugKotlinAndroid UP-TO-DATE

[Incubating] Problems report is available at: file:///Users/aleksandrmironov/AndroidStudioProjects/Exploro/build/reports/problems/problems-report.html

BUILD SUCCESSFUL in 2s
54 actionable tasks: 11 executed, 43 up-to-date
Configuration cache entry stored.
